Job ID:  1016808
Node:    nid005239
Start:   Fri Jul 24 19:27:42 CEST 2026
=== C++ Compiler Version ===
g++ (Spack GCC) 14.2.0
make[1]: Entering directory '/users/course_00420/cnn-hpc4wc'
g++ -std=c++17 -O3 -march=native -mcpu=native -ffast-math -ftree-vectorize -Wall -Wextra -Wpedantic -DNDEBUG -DNUM_RUNS=10 -DNUM_WARMUP_RUNS=2 -Isrc/cpp -o build/cnn_forward src/cpp/benchmark.cpp src/cpp/cnn_internals.cpp src/cpp/cnn.cpp
[1;32mBuild successful:[0m build/cnn_forward
make[1]: Leaving directory '/users/course_00420/cnn-hpc4wc'
Memory allocation is starting...
MNIST dataset successfully loaded.

Loading real weights...
Successfully loaded: ../python/weights_cpp/model_0_weight.bin
Successfully loaded: ../python/weights_cpp/model_0_bias.bin
Successfully loaded: ../python/weights_cpp/model_3_weight.bin
Successfully loaded: ../python/weights_cpp/model_3_bias.bin
Successfully loaded: ../python/weights_cpp/model_6_weight.bin
Successfully loaded: ../python/weights_cpp/model_6_bias.bin
Successfully loaded: ../python/weights_cpp/model_10_weight.bin
Successfully loaded: ../python/weights_cpp/model_10_bias.bin
Runs: 10 measured, 2 warmup

==================================================
 -> Benchmarking Baseline Nested-Loop (WARM CACHE)
==================================================
--- Performance Benchmarking (10 Runs) ---
Running 2 warmup runs...
Warmup complete. Starting 10 benchmark runs...
=== Results ===
  Median cycles : 1.46668e+07
  Median time   : 0.00453699 s (4.53699 ms)



==================================================
 -> Benchmarking Restructured Nested-Loop (WARM CACHE)
==================================================
--- Performance Benchmarking (10 Runs) ---
Running 2 warmup runs...
Warmup complete. Starting 10 benchmark runs...
=== Results ===
  Median cycles : 7.79254e+06
  Median time   : 0.00240789 s (2.40789 ms)



==================================================
 -> Benchmarking Hoisted Vars + restrict (WARM CACHE)
==================================================
--- Performance Benchmarking (10 Runs) ---
Running 2 warmup runs...
Warmup complete. Starting 10 benchmark runs...
=== Results ===
  Median cycles : 6.81363e+06
  Median time   : 0.00210565 s (2.10565 ms)



==================================================
 -> Benchmarking Reordered Nested-Loop (WARM CACHE)
==================================================
--- Performance Benchmarking (10 Runs) ---
Running 2 warmup runs...
Warmup complete. Starting 10 benchmark runs...
=== Results ===
  Median cycles : 5.28649e+06
  Median time   : 0.00163296 s (1.63296 ms)



==================================================
 -> Benchmarking Specialized Implementation (WARM CACHE)
==================================================
--- Performance Benchmarking (10 Runs) ---
Running 2 warmup runs...
Warmup complete. Starting 10 benchmark runs...
=== Results ===
  Median cycles : 4.43951e+06
  Median time   : 0.00136979 s (1.36979 ms)



The network has successfully predicted the digit: 7

=== Final Performance Summary ===

Implementation                      | vs Base      | Cycles               | Seconds       
---------------------------------------------------------------------------------------
Baseline Nested-Loop                | 1.00x        | 14666802.00          | 0.004537      
Restructured Nested-Loop            | 1.88x        | 7792535.50           | 0.002408      
Hoisted Vars + restrict             | 2.15x        | 6813626.50           | 0.002106      
Reordered Nested-Loop               | 2.77x        | 5286488.00           | 0.001633      
Specialized Implementation          | 3.30x        | 4439513.00           | 0.001370      

Benchmark sink: -1196.61

The network has successfully predicted the digit: 7

=== C++ (Specialized Implementation) [fastest] vs Python/PyTorch (10 runs) ===
                C++ (Specialized Implementation)          Python
Time (median)         0.001370 s      0.000365 s
Cycles (median)          4439510             N/A

Python is 3.75x faster than the fastest C++ implementation (median wall time).
Python cycle counts: not available (no hardware cycle counter is sampled from Python).
End:     Fri Jul 24 19:27:52 CEST 2026
