Job ID:  1016988
Node:    nid005228
Start:   Fri Jul 24 21:09:28 CEST 2026
make[1]: Entering directory '/users/course_00420/cnn-hpc4wc'
g++ -std=c++17 -O3 -march=native -Wall -Wextra -Wpedantic -DNUM_RUNS=10 -DNUM_WARMUP_RUNS=2 -Isrc/cpp -o build/cnn_forward src/cpp/benchmark.cpp src/cpp/cnn_internals.cpp src/cpp/cnn.cpp
[1;32mBuild successful:[0m build/cnn_forward
make[1]: Leaving directory '/users/course_00420/cnn-hpc4wc'
Memory allocation is starting...
MNIST dataset successfully loaded.

Loading real weights...
Successfully loaded: ../python/weights_cpp/model_0_weight.bin
Successfully loaded: ../python/weights_cpp/model_0_bias.bin
Successfully loaded: ../python/weights_cpp/model_3_weight.bin
Successfully loaded: ../python/weights_cpp/model_3_bias.bin
Successfully loaded: ../python/weights_cpp/model_6_weight.bin
Successfully loaded: ../python/weights_cpp/model_6_bias.bin
Successfully loaded: ../python/weights_cpp/model_10_weight.bin
Successfully loaded: ../python/weights_cpp/model_10_bias.bin
Runs: 10 measured, 2 warmup

==================================================
 -> Benchmarking Baseline Nested-Loop (WARM CACHE)
==================================================
--- Performance Benchmarking (10 Runs) ---
Running 2 warmup runs...
Warmup complete. Starting 10 benchmark runs...
=== Results ===
  Median cycles : 1.47834e+07
  Median time   : 0.00456078 s (4.56078 ms)



==================================================
 -> Benchmarking Baseline w. blocking (WARM CACHE)
==================================================
--- Performance Benchmarking (10 Runs) ---
Running 2 warmup runs...
Warmup complete. Starting 10 benchmark runs...
=== Results ===
  Median cycles : 4.68653e+06
  Median time   : 0.00144461 s (1.44461 ms)



==================================================
 -> Benchmarking Baseline w. full auto-vectorization (WARM CACHE)
==================================================
--- Performance Benchmarking (10 Runs) ---
Running 2 warmup runs...
Warmup complete. Starting 10 benchmark runs...
=== Results ===
  Median cycles : 8.92203e+06
  Median time   : 0.00275413 s (2.75413 ms)



=== Final Performance Summary ===

Implementation                      | vs Base      | Cycles               | Seconds       
---------------------------------------------------------------------------------------
Baseline Nested-Loop                | 1.00x        | 14783370.50          | 0.004561      
Baseline w. blocking                | 3.15x        | 4686526.00           | 0.001445      
Baseline w. full auto-vectorization | 1.66x        | 8922031.00           | 0.002754      

Benchmark sink: -1179.97


=== C++ (all implementations) vs Python/PyTorch (10 runs) ===
Implementation                         | Time           | Cycles         | Relative    
-------------------------------------------------------------------------------------
Python/PyTorch                         | 0.000323 s     | N/A            | -           
Baseline Nested-Loop                   | 0.004561 s     | 14783400       | Py 14.11x   
Baseline w. blocking                   | 0.001445 s     | 4686530        | Py 4.47x    
Baseline w. full auto-vectorization    | 0.002754 s     | 8922030        | Py 8.52x    

Python cycle counts: not available (no hardware cycle counter is sampled from Python).
End:     Fri Jul 24 21:09:37 CEST 2026
