Job ID:  1017024
Node:    nid005016
Start:   Fri Jul 24 22:45:51 CEST 2026
=== C++ Compiler Version ===
g++ (Spack GCC) 14.2.0
make[1]: Entering directory '/users/course_00420/cnn-hpc4wc'
make[1]: Nothing to be done for 'build'.
make[1]: Leaving directory '/users/course_00420/cnn-hpc4wc'
Memory allocation is starting...
MNIST dataset successfully loaded.

Loading real weights...
Successfully loaded: ../python/weights_cpp/model_0_weight.bin
Successfully loaded: ../python/weights_cpp/model_0_bias.bin
Successfully loaded: ../python/weights_cpp/model_3_weight.bin
Successfully loaded: ../python/weights_cpp/model_3_bias.bin
Successfully loaded: ../python/weights_cpp/model_6_weight.bin
Successfully loaded: ../python/weights_cpp/model_6_bias.bin
Successfully loaded: ../python/weights_cpp/model_10_weight.bin
Successfully loaded: ../python/weights_cpp/model_10_bias.bin
Runs: 20 measured, 5 warmup

==================================================
 -> Benchmarking Baseline Nested-Loop (WARM CACHE)
==================================================
--- Performance Benchmarking (20 Runs) ---
Running 5 warmup runs...
Warmup complete. Starting 20 benchmark runs...
=== Results ===
  Median cycles : 9.50831e+08
  Median time   : 0.299525 s (299.525 ms)



==================================================
 -> Benchmarking Restructured Nested-Loop (WARM CACHE)
==================================================
--- Performance Benchmarking (20 Runs) ---
Running 5 warmup runs...
Warmup complete. Starting 20 benchmark runs...
=== Results ===
  Median cycles : 4.0315e+08
  Median time   : 0.127001 s (127.001 ms)



==================================================
 -> Benchmarking Hoisted Vars + restrict (WARM CACHE)
==================================================
--- Performance Benchmarking (20 Runs) ---
Running 5 warmup runs...
Warmup complete. Starting 20 benchmark runs...
=== Results ===
  Median cycles : 3.93879e+08
  Median time   : 0.124078 s (124.078 ms)



==================================================
 -> Benchmarking Reordered Nested-Loop (WARM CACHE)
==================================================
--- Performance Benchmarking (20 Runs) ---
Running 5 warmup runs...
Warmup complete. Starting 20 benchmark runs...
=== Results ===
  Median cycles : 3.76267e+08
  Median time   : 0.118529 s (118.529 ms)



==================================================
 -> Benchmarking Specialized Implementation (WARM CACHE)
==================================================
--- Performance Benchmarking (20 Runs) ---
Running 5 warmup runs...
Warmup complete. Starting 20 benchmark runs...
=== Results ===
  Median cycles : 2.89673e+08
  Median time   : 0.0912587 s (91.2587 ms)



==================================================
 -> Benchmarking NEON Blocked Implementation (WARM CACHE)
==================================================
--- Performance Benchmarking (20 Runs) ---
Running 5 warmup runs...
Warmup complete. Starting 20 benchmark runs...
=== Results ===
  Median cycles : 6.33988e+07
  Median time   : 0.0199868 s (19.9868 ms)



==================================================
 -> Benchmarking Specialized MaxPool2D (WARM CACHE)
==================================================
--- Performance Benchmarking (20 Runs) ---
Running 5 warmup runs...
Warmup complete. Starting 20 benchmark runs...
=== Results ===
  Median cycles : 6.62704e+07
  Median time   : 0.0208921 s (20.8921 ms)



The network has successfully predicted the digit: 7

=== Final Performance Summary ===

Implementation                      | vs Base      | Cycles               | Seconds       
---------------------------------------------------------------------------------------
Baseline Nested-Loop                | 1.00x        | 950831177.00         | 0.299525      
Restructured Nested-Loop            | 2.36x        | 403150336.50         | 0.127001      
Hoisted Vars + restrict             | 2.41x        | 393879340.50         | 0.124078      
Reordered Nested-Loop               | 2.53x        | 376267332.50         | 0.118529      
Specialized Implementation          | 3.28x        | 289673055.00         | 0.091259      
NEON Blocked Implementation         | 15.00x       | 63398827.00          | 0.019987      
Specialized MaxPool2D               | 14.35x       | 66270403.00          | 0.020892      

Benchmark sink: -287077

The network has successfully predicted the digit: 7

=== C++ (NEON Blocked Implementation) [fastest] vs Python/PyTorch (10 runs) ===
                C++ (NEON Blocked Implementation)          Python
Time (median)         0.019987 s      0.000583 s
Cycles (median)         63398800             N/A

Python is 34.27x faster than the fastest C++ implementation (median wall time).
Python cycle counts: not available (no hardware cycle counter is sampled from Python).
End:     Fri Jul 24 22:46:19 CEST 2026
