Job ID:  1017025
Node:    nid005016
Start:   Fri Jul 24 22:49:53 CEST 2026
=== C++ Compiler Version ===
g++ (Spack GCC) 14.2.0
make[1]: Entering directory '/users/course_00420/cnn-hpc4wc'
make[1]: Nothing to be done for 'build'.
make[1]: Leaving directory '/users/course_00420/cnn-hpc4wc'
Batch size: 1
Memory allocation is starting...
MNIST dataset successfully loaded.

Loading real weights...
Successfully loaded: ../python/weights_cpp/model_0_weight.bin
Successfully loaded: ../python/weights_cpp/model_0_bias.bin
Successfully loaded: ../python/weights_cpp/model_3_weight.bin
Successfully loaded: ../python/weights_cpp/model_3_bias.bin
Successfully loaded: ../python/weights_cpp/model_6_weight.bin
Successfully loaded: ../python/weights_cpp/model_6_bias.bin
Successfully loaded: ../python/weights_cpp/model_10_weight.bin
Successfully loaded: ../python/weights_cpp/model_10_bias.bin
Runs: 10 measured, 2 warmup

==================================================
 -> Benchmarking Baseline Nested-Loop (WARM CACHE)
==================================================
--- Performance Benchmarking (10 Runs) ---
Running 2 warmup runs...
Warmup complete. Starting 10 benchmark runs...
=== Results ===
  Median cycles : 1.4788e+07
  Median time   : 0.00452814 s (4.52814 ms)



==================================================
 -> Benchmarking Restructured Nested-Loop (WARM CACHE)
==================================================
--- Performance Benchmarking (10 Runs) ---
Running 2 warmup runs...
Warmup complete. Starting 10 benchmark runs...
=== Results ===
  Median cycles : 6.35504e+06
  Median time   : 0.00194565 s (1.94565 ms)



==================================================
 -> Benchmarking Hoisted Vars + restrict (WARM CACHE)
==================================================
--- Performance Benchmarking (10 Runs) ---
Running 2 warmup runs...
Warmup complete. Starting 10 benchmark runs...
=== Results ===
  Median cycles : 6.09647e+06
  Median time   : 0.00186414 s (1.86414 ms)



==================================================
 -> Benchmarking Reordered Nested-Loop (WARM CACHE)
==================================================
--- Performance Benchmarking (10 Runs) ---
Running 2 warmup runs...
Warmup complete. Starting 10 benchmark runs...
=== Results ===
  Median cycles : 5.82131e+06
  Median time   : 0.00178195 s (1.78195 ms)



==================================================
 -> Benchmarking Specialized Implementation (WARM CACHE)
==================================================
--- Performance Benchmarking (10 Runs) ---
Running 2 warmup runs...
Warmup complete. Starting 10 benchmark runs...
=== Results ===
  Median cycles : 4.46639e+06
  Median time   : 0.00136549 s (1.36549 ms)



==================================================
 -> Benchmarking NEON Blocked Implementation (WARM CACHE)
==================================================
--- Performance Benchmarking (10 Runs) ---
Running 2 warmup runs...
Warmup complete. Starting 10 benchmark runs...
=== Results ===
  Median cycles : 1.0443e+06
  Median time   : 0.00031912 s (0.31912 ms)



==================================================
 -> Benchmarking Specialized MaxPool2D (WARM CACHE)
==================================================
--- Performance Benchmarking (10 Runs) ---
Running 2 warmup runs...
Warmup complete. Starting 10 benchmark runs...
=== Results ===
  Median cycles : 1.05274e+06
  Median time   : 0.000322336 s (0.322336 ms)



The network has successfully predicted the digit: 7

=== Final Performance Summary ===

Implementation                      | vs Base      | Cycles               | Seconds       
---------------------------------------------------------------------------------------
Baseline Nested-Loop                | 1.00x        | 14787955.00          | 0.004528      
Restructured Nested-Loop            | 2.33x        | 6355038.00           | 0.001946      
Hoisted Vars + restrict             | 2.43x        | 6096469.00           | 0.001864      
Reordered Nested-Loop               | 2.54x        | 5821311.00           | 0.001782      
Specialized Implementation          | 3.31x        | 4466387.50           | 0.001365      
NEON Blocked Implementation         | 14.16x       | 1044299.50           | 0.000319      
Specialized MaxPool2D               | 14.05x       | 1052738.00           | 0.000322      

Benchmark sink: -2753.27

Batch size: 100
The network has successfully predicted the digit: 7

=== C++ (NEON Blocked Implementation) [fastest] vs Python/PyTorch (10 runs) ===
                C++ (NEON Blocked Implementation)          Python
Time (median)         0.000319 s      0.018629 s
Cycles (median)          1044300             N/A

The fastest C++ implementation is 58.38x faster than Python (median wall time).
Python cycle counts: not available (no hardware cycle counter is sampled from Python).
End:     Fri Jul 24 22:50:01 CEST 2026
