Job ID:  1017003
Node:    nid005296
Start:   Fri Jul 24 21:46:53 CEST 2026
=== C++ Compiler Version ===
g++ (Spack GCC) 14.2.0
make[1]: Entering directory '/users/course_00420/cnn-hpc4wc'
make[1]: Nothing to be done for 'build'.
make[1]: Leaving directory '/users/course_00420/cnn-hpc4wc'
Memory allocation is starting...
MNIST dataset successfully loaded.

Loading real weights...
Successfully loaded: ../python/weights_cpp/model_0_weight.bin
Successfully loaded: ../python/weights_cpp/model_0_bias.bin
Successfully loaded: ../python/weights_cpp/model_3_weight.bin
Successfully loaded: ../python/weights_cpp/model_3_bias.bin
Successfully loaded: ../python/weights_cpp/model_6_weight.bin
Successfully loaded: ../python/weights_cpp/model_6_bias.bin
Successfully loaded: ../python/weights_cpp/model_10_weight.bin
Successfully loaded: ../python/weights_cpp/model_10_bias.bin
Runs: 10 measured, 2 warmup

==================================================
 -> Benchmarking Baseline Nested-Loop (WARM CACHE)
==================================================
--- Performance Benchmarking (10 Runs) ---
Running 2 warmup runs...
Warmup complete. Starting 10 benchmark runs...
=== Results ===
  Median cycles : 1.46941e+07
  Median time   : 0.00456107 s (4.56107 ms)



==================================================
 -> Benchmarking Restructured Nested-Loop (WARM CACHE)
==================================================
--- Performance Benchmarking (10 Runs) ---
Running 2 warmup runs...
Warmup complete. Starting 10 benchmark runs...
=== Results ===
  Median cycles : 7.78962e+06
  Median time   : 0.00241891 s (2.41891 ms)



==================================================
 -> Benchmarking Hoisted Vars + restrict (WARM CACHE)
==================================================
--- Performance Benchmarking (10 Runs) ---
Running 2 warmup runs...
Warmup complete. Starting 10 benchmark runs...
=== Results ===
  Median cycles : 6.8115e+06
  Median time   : 0.00211651 s (2.11651 ms)



==================================================
 -> Benchmarking Reordered Nested-Loop (WARM CACHE)
==================================================
--- Performance Benchmarking (10 Runs) ---
Running 2 warmup runs...
Warmup complete. Starting 10 benchmark runs...
=== Results ===
  Median cycles : 5.28316e+06
  Median time   : 0.00163875 s (1.63875 ms)



==================================================
 -> Benchmarking Specialized Implementation (WARM CACHE)
==================================================
--- Performance Benchmarking (10 Runs) ---
Running 2 warmup runs...
Warmup complete. Starting 10 benchmark runs...
=== Results ===
  Median cycles : 3.30956e+06
  Median time   : 0.00102597 s (1.02597 ms)



==================================================
 -> Benchmarking Specialized Blocked Implementation (WARM CACHE)
==================================================
--- Performance Benchmarking (10 Runs) ---
Running 2 warmup runs...
Warmup complete. Starting 10 benchmark runs...
=== Results ===
  Median cycles : 3.47123e+06
  Median time   : 0.001076 s (1.076 ms)



The network has successfully predicted the digit: 7

=== Final Performance Summary ===

Implementation                      | vs Base      | Cycles               | Seconds       
---------------------------------------------------------------------------------------
Baseline Nested-Loop                | 1.00x        | 14694136.00          | 0.004561      
Restructured Nested-Loop            | 1.89x        | 7789618.00           | 0.002419      
Hoisted Vars + restrict             | 2.16x        | 6811504.50           | 0.002117      
Reordered Nested-Loop               | 2.78x        | 5283164.00           | 0.001639      
Specialized Implementation          | 4.44x        | 3309562.50           | 0.001026      
Specialized Blocked Implementation  | 4.23x        | 3471228.50           | 0.001076      

Benchmark sink: -2359.95

The network has successfully predicted the digit: 7

=== C++ (Specialized Implementation) [fastest] vs Python/PyTorch (10 runs) ===
                C++ (Specialized Implementation)          Python
Time (median)         0.001026 s      0.000373 s
Cycles (median)          3309560             N/A

Python is 2.75x faster than the fastest C++ implementation (median wall time).
Python cycle counts: not available (no hardware cycle counter is sampled from Python).
End:     Fri Jul 24 21:47:02 CEST 2026
