Job ID:  1017094
Node:    nid005292
Start:   Sat Jul 25 02:01:17 CEST 2026
=== C++ Compiler Version ===
g++ (Spack GCC) 14.2.0
make[1]: Entering directory '/users/course_00420/cnn-hpc4wc'
g++ -std=c++17 -O3 -march=native -mcpu=native -ffast-math -ftree-vectorize -Wall -Wextra -Wpedantic -DNDEBUG -DNUM_RUNS=10 -DNUM_WARMUP_RUNS=2 -DBATCH_SIZE=1000 -Isrc/cpp -o build/cnn_forward src/cpp/benchmark.cpp src/cpp/cnn_internals.cpp src/cpp/cnn.cpp
[1;32mBuild successful:[0m build/cnn_forward
make[1]: Leaving directory '/users/course_00420/cnn-hpc4wc'
Batch size: 1000
Memory allocation is starting...
MNIST dataset successfully loaded.

Loading real weights...
Successfully loaded: ../python/weights_cpp/model_0_weight.bin
Successfully loaded: ../python/weights_cpp/model_0_bias.bin
Successfully loaded: ../python/weights_cpp/model_3_weight.bin
Successfully loaded: ../python/weights_cpp/model_3_bias.bin
Successfully loaded: ../python/weights_cpp/model_6_weight.bin
Successfully loaded: ../python/weights_cpp/model_6_bias.bin
Successfully loaded: ../python/weights_cpp/model_10_weight.bin
Successfully loaded: ../python/weights_cpp/model_10_bias.bin
Runs: 10 measured, 2 warmup

==================================================
 -> Benchmarking Baseline Nested-Loop (WARM CACHE)
==================================================
--- Performance Benchmarking (10 Runs) ---
Running 2 warmup runs...
Warmup complete. Starting 10 benchmark runs...
=== Results ===
  Median cycles : 1.47185e+10
  Median time   : 4.54003 s (4540.03 ms)



==================================================
 -> Benchmarking Restructured Nested-Loop (WARM CACHE)
==================================================
--- Performance Benchmarking (10 Runs) ---
Running 2 warmup runs...
Warmup complete. Starting 10 benchmark runs...
=== Results ===
  Median cycles : 7.8213e+09
  Median time   : 2.41251 s (2412.51 ms)



==================================================
 -> Benchmarking Hoisted Vars + restrict (WARM CACHE)
==================================================
--- Performance Benchmarking (10 Runs) ---
Running 2 warmup runs...
Warmup complete. Starting 10 benchmark runs...
=== Results ===
  Median cycles : 6.84201e+09
  Median time   : 2.11037 s (2110.37 ms)



==================================================
 -> Benchmarking Reordered Nested-Loop (WARM CACHE)
==================================================
--- Performance Benchmarking (10 Runs) ---
Running 2 warmup runs...
Warmup complete. Starting 10 benchmark runs...
=== Results ===
  Median cycles : 5.29711e+09
  Median time   : 1.63907 s (1639.07 ms)



==================================================
 -> Benchmarking Specialized Implementation (WARM CACHE)
==================================================
--- Performance Benchmarking (10 Runs) ---
Running 2 warmup runs...
Warmup complete. Starting 10 benchmark runs...
=== Results ===
  Median cycles : 3.39853e+09
  Median time   : 1.05418 s (1054.18 ms)



==================================================
 -> Benchmarking NEON Blocked Implementation (WARM CACHE)
==================================================
--- Performance Benchmarking (10 Runs) ---
Running 2 warmup runs...
Warmup complete. Starting 10 benchmark runs...
=== Results ===
  Median cycles : 1.09262e+09
  Median time   : 0.340027 s (340.027 ms)



==================================================
 -> Benchmarking Specialized MaxPool2D (WARM CACHE)
==================================================
--- Performance Benchmarking (10 Runs) ---
Running 2 warmup runs...
Warmup complete. Starting 10 benchmark runs...
=== Results ===
  Median cycles : 1.1297e+09
  Median time   : 0.351486 s (351.486 ms)



The network has successfully predicted the digit: 7

=== Final Performance Summary ===

Implementation                      | vs Base      | Cycles               | Seconds       
---------------------------------------------------------------------------------------
Baseline Nested-Loop                | 1.00x        | 14718455790.50       | 4.540025      
Restructured Nested-Loop            | 1.88x        | 7821296599.50        | 2.412508      
Hoisted Vars + restrict             | 2.15x        | 6842012026.50        | 2.110366      
Reordered Nested-Loop               | 2.78x        | 5297111111.00        | 1.639066      
Specialized Implementation          | 4.33x        | 3398533404.50        | 1.054176      
NEON Blocked Implementation         | 13.47x       | 1092622675.00        | 0.340027      
Specialized MaxPool2D               | 13.03x       | 1129701274.50        | 0.351486      

Benchmark sink: -2.14131e+06

Batch size: 1000
The network has successfully predicted the digit: 7

=== C++ (NEON Blocked Implementation) [fastest] vs Python/PyTorch (10 runs) ===
                C++ (NEON Blocked Implementation)          Python
Time (median)         0.340027 s      0.197815 s
Cycles (median)       1092620000             N/A

Python is 1.72x faster than the fastest C++ implementation (median wall time).
Python cycle counts: not available (no hardware cycle counter is sampled from Python).
End:     Sat Jul 25 02:04:00 CEST 2026
