Job ID:  823866
Node:    nid005101
Start:   Sun Aug 23 18:02:19 CEST 2026
=== C++ Compiler Version ===
g++ (Spack GCC) 14.2.0
make[1]: Entering directory '/users/course_00420/cnn-hpc4wc'
g++ -std=c++17 -O3 -march=native -mcpu=native -ftree-vectorize -fopenmp-simd -Wall -Wextra -Wpedantic -DNDEBUG -DNUM_RUNS=30 -DNUM_WARMUP_RUNS=10 -DBATCH_SIZE=1 -Isrc/cpp -o build/cnn_forward src/cpp/benchmark.cpp src/cpp/cnn_internals.cpp src/cpp/cnn.cpp
[1;32mBuild successful:[0m build/cnn_forward
make[1]: Leaving directory '/users/course_00420/cnn-hpc4wc'
Batch size: 1
Memory allocation is starting...
MNIST dataset successfully loaded.

Loading real weights...
Successfully loaded: ../python/weights_cpp/model_0_weight.bin
Successfully loaded: ../python/weights_cpp/model_0_bias.bin
Successfully loaded: ../python/weights_cpp/model_3_weight.bin
Successfully loaded: ../python/weights_cpp/model_3_bias.bin
Successfully loaded: ../python/weights_cpp/model_6_weight.bin
Successfully loaded: ../python/weights_cpp/model_6_bias.bin
Successfully loaded: ../python/weights_cpp/model_10_weight.bin
Successfully loaded: ../python/weights_cpp/model_10_bias.bin
Runs: 30 measured, 10 warmup

==================================================
 -> Benchmarking Baseline Nested-Loop (WARM CACHE)
==================================================
--- Performance Benchmarking (30 Runs) ---
Running 10 warmup runs...
Warmup complete. Starting 30 benchmark runs...
=== Results ===
  Median cycles : 1.4582e+07
  Median time   : 0.00454317 s (4.54317 ms)



==================================================
 -> Benchmarking Baseline w. blocking (WARM CACHE)
==================================================
--- Performance Benchmarking (30 Runs) ---
Running 10 warmup runs...
Warmup complete. Starting 30 benchmark runs...
=== Results ===
  Median cycles : 7.29016e+06
  Median time   : 0.00227109 s (2.27109 ms)



==================================================
 -> Benchmarking Baseline w. im2col matrix multiplication (WARM CACHE)
==================================================
--- Performance Benchmarking (30 Runs) ---
Running 10 warmup runs...
Warmup complete. Starting 30 benchmark runs...
=== Results ===
  Median cycles : 1.85869e+06
  Median time   : 0.000578256 s (0.578256 ms)



==================================================
 -> Benchmarking Restructured Nested-Loop (WARM CACHE)
==================================================
--- Performance Benchmarking (30 Runs) ---
Running 10 warmup runs...
Warmup complete. Starting 30 benchmark runs...
=== Results ===
  Median cycles : 7.10149e+06
  Median time   : 0.00221176 s (2.21176 ms)



==================================================
 -> Benchmarking Hoisted Vars + restrict (WARM CACHE)
==================================================
--- Performance Benchmarking (30 Runs) ---
Running 10 warmup runs...
Warmup complete. Starting 30 benchmark runs...
=== Results ===
  Median cycles : 7.09904e+06
  Median time   : 0.00221058 s (2.21058 ms)



==================================================
 -> Benchmarking Reordered Nested-Loop (WARM CACHE)
==================================================
--- Performance Benchmarking (30 Runs) ---
Running 10 warmup runs...
Warmup complete. Starting 30 benchmark runs...
=== Results ===
  Median cycles : 5.30523e+06
  Median time   : 0.00165197 s (1.65197 ms)



==================================================
 -> Benchmarking Specialized Implementation (WARM CACHE)
==================================================
--- Performance Benchmarking (30 Runs) ---
Running 10 warmup runs...
Warmup complete. Starting 30 benchmark runs...
=== Results ===
  Median cycles : 3.3139e+06
  Median time   : 0.0010309 s (1.0309 ms)



==================================================
 -> Benchmarking NEON Blocked Implementation (WARM CACHE)
==================================================
--- Performance Benchmarking (30 Runs) ---
Running 10 warmup runs...
Warmup complete. Starting 30 benchmark runs...
=== Results ===
  Median cycles : 1.13736e+06
  Median time   : 0.00035376 s (0.35376 ms)



==================================================
 -> Benchmarking Specialized MaxPool2D (WARM CACHE)
==================================================
--- Performance Benchmarking (30 Runs) ---
Running 10 warmup runs...
Warmup complete. Starting 30 benchmark runs...
=== Results ===
  Median cycles : 1.12396e+06
  Median time   : 0.000349632 s (0.349632 ms)



=== Final Performance Summary ===

Implementation                             | vs Base      | Cycles               | Seconds       
-------------------------------------------------------------------------------------------------
Baseline Nested-Loop                       | 1.00x        | 14581968.00          | 0.004543      
Baseline w. blocking                       | 2.00x        | 7290159.00           | 0.002271      
Baseline w. im2col matrix multiplication   | 7.85x        | 1858693.00           | 0.000578      
Restructured Nested-Loop                   | 2.05x        | 7101493.00           | 0.002212      
Hoisted Vars + restrict                    | 2.05x        | 7099042.50           | 0.002211      
Reordered Nested-Loop                      | 2.75x        | 5305230.50           | 0.001652      
Specialized Implementation                 | 4.40x        | 3313902.00           | 0.001031      
NEON Blocked Implementation                | 12.82x       | 1137359.50           | 0.000354      
Specialized MaxPool2D                      | 12.97x       | 1123964.50           | 0.000350      

Benchmark sink: -11799.7

Batch size: 1
The network has successfully predicted the digit: 7

=== C++ (all implementations) vs Python/PyTorch (30 runs) ===
Implementation                             | Time           | Relative    
--------------------------------------------------------------------------
Python/PyTorch                             | 0.000319 s     | -           
Baseline Nested-Loop                       | 0.004543 s     | Py 14.24x   
Baseline w. blocking                       | 0.002271 s     | Py 7.12x    
Baseline w. im2col matrix multiplication   | 0.000578 s     | Py 1.81x    
Restructured Nested-Loop                   | 0.002212 s     | Py 6.93x    
Hoisted Vars + restrict                    | 0.002211 s     | Py 6.93x    
Reordered Nested-Loop                      | 0.001652 s     | Py 5.18x    
Specialized Implementation                 | 0.001031 s     | Py 3.23x    
NEON Blocked Implementation                | 0.000354 s     | Py 1.11x    
Specialized MaxPool2D                      | 0.000350 s     | Py 1.10x    
End:     Sun Aug 23 18:02:31 CEST 2026
