Job ID:  823867
Node:    nid005101
Start:   Sun Aug 23 18:03:19 CEST 2026
=== C++ Compiler Version ===
g++ (Spack GCC) 14.2.0
make[1]: Entering directory '/users/course_00420/cnn-hpc4wc'
g++ -std=c++17 -O3 -march=native -mcpu=native -ftree-vectorize -fopenmp-simd -Wall -Wextra -Wpedantic -DNDEBUG -DNUM_RUNS=30 -DNUM_WARMUP_RUNS=10 -DBATCH_SIZE=100 -Isrc/cpp -o build/cnn_forward src/cpp/benchmark.cpp src/cpp/cnn_internals.cpp src/cpp/cnn.cpp
[1;32mBuild successful:[0m build/cnn_forward
make[1]: Leaving directory '/users/course_00420/cnn-hpc4wc'
Batch size: 100
Memory allocation is starting...
MNIST dataset successfully loaded.

Loading real weights...
Successfully loaded: ../python/weights_cpp/model_0_weight.bin
Successfully loaded: ../python/weights_cpp/model_0_bias.bin
Successfully loaded: ../python/weights_cpp/model_3_weight.bin
Successfully loaded: ../python/weights_cpp/model_3_bias.bin
Successfully loaded: ../python/weights_cpp/model_6_weight.bin
Successfully loaded: ../python/weights_cpp/model_6_bias.bin
Successfully loaded: ../python/weights_cpp/model_10_weight.bin
Successfully loaded: ../python/weights_cpp/model_10_bias.bin
Runs: 30 measured, 10 warmup

==================================================
 -> Benchmarking Baseline Nested-Loop (WARM CACHE)
==================================================
--- Performance Benchmarking (30 Runs) ---
Running 10 warmup runs...
Warmup complete. Starting 30 benchmark runs...
=== Results ===
  Median cycles : 1.47111e+09
  Median time   : 0.456917 s (456.917 ms)



==================================================
 -> Benchmarking Baseline w. blocking (WARM CACHE)
==================================================
--- Performance Benchmarking (30 Runs) ---
Running 10 warmup runs...
Warmup complete. Starting 30 benchmark runs...
=== Results ===
  Median cycles : 6.02837e+08
  Median time   : 0.183829 s (183.829 ms)



==================================================
 -> Benchmarking Baseline w. im2col matrix multiplication (WARM CACHE)
==================================================
--- Performance Benchmarking (30 Runs) ---
Running 10 warmup runs...
Warmup complete. Starting 30 benchmark runs...
=== Results ===
  Median cycles : 1.89505e+08
  Median time   : 0.0579225 s (57.9225 ms)



==================================================
 -> Benchmarking Restructured Nested-Loop (WARM CACHE)
==================================================
--- Performance Benchmarking (30 Runs) ---
Running 10 warmup runs...
Warmup complete. Starting 30 benchmark runs...
=== Results ===
  Median cycles : 7.1479e+08
  Median time   : 0.218438 s (218.438 ms)



==================================================
 -> Benchmarking Hoisted Vars + restrict (WARM CACHE)
==================================================
--- Performance Benchmarking (30 Runs) ---
Running 10 warmup runs...
Warmup complete. Starting 30 benchmark runs...
=== Results ===
  Median cycles : 7.12513e+08
  Median time   : 0.217679 s (217.679 ms)



==================================================
 -> Benchmarking Reordered Nested-Loop (WARM CACHE)
==================================================
--- Performance Benchmarking (30 Runs) ---
Running 10 warmup runs...
Warmup complete. Starting 30 benchmark runs...
=== Results ===
  Median cycles : 5.3422e+08
  Median time   : 0.16337 s (163.37 ms)



==================================================
 -> Benchmarking Specialized Implementation (WARM CACHE)
==================================================
--- Performance Benchmarking (30 Runs) ---
Running 10 warmup runs...
Warmup complete. Starting 30 benchmark runs...
=== Results ===
  Median cycles : 3.35026e+08
  Median time   : 0.102438 s (102.438 ms)



==================================================
 -> Benchmarking NEON Blocked Implementation (WARM CACHE)
==================================================
--- Performance Benchmarking (30 Runs) ---
Running 10 warmup runs...
Warmup complete. Starting 30 benchmark runs...
=== Results ===
  Median cycles : 1.04485e+08
  Median time   : 0.0319509 s (31.9509 ms)



==================================================
 -> Benchmarking Specialized MaxPool2D (WARM CACHE)
==================================================
--- Performance Benchmarking (30 Runs) ---
Running 10 warmup runs...
Warmup complete. Starting 30 benchmark runs...
=== Results ===
  Median cycles : 1.07401e+08
  Median time   : 0.0328422 s (32.8422 ms)



=== Final Performance Summary ===

Implementation                             | vs Base      | Cycles               | Seconds       
-------------------------------------------------------------------------------------------------
Baseline Nested-Loop                       | 1.00x        | 1471112797.50        | 0.456917      
Baseline w. blocking                       | 2.44x        | 602836888.00         | 0.183829      
Baseline w. im2col matrix multiplication   | 7.76x        | 189504799.00         | 0.057923      
Restructured Nested-Loop                   | 2.06x        | 714790227.50         | 0.218438      
Hoisted Vars + restrict                    | 2.06x        | 712513238.50         | 0.217679      
Reordered Nested-Loop                      | 2.75x        | 534220229.00         | 0.163370      
Specialized Implementation                 | 4.39x        | 335026012.50         | 0.102438      
NEON Blocked Implementation                | 14.08x       | 104485315.00         | 0.031951      
Specialized MaxPool2D                      | 13.70x       | 107400809.00         | 0.032842      

Benchmark sink: -940248

Batch size: 100
The network has successfully predicted the digit: 7

=== C++ (all implementations) vs Python/PyTorch (30 runs) ===
Implementation                             | Time           | Relative    
--------------------------------------------------------------------------
Python/PyTorch                             | 0.018662 s     | -           
Baseline Nested-Loop                       | 0.456917 s     | Py 24.48x   
Baseline w. blocking                       | 0.183829 s     | Py 9.85x    
Baseline w. im2col matrix multiplication   | 0.057923 s     | Py 3.10x    
Restructured Nested-Loop                   | 0.218438 s     | Py 11.70x   
Hoisted Vars + restrict                    | 0.217679 s     | Py 11.66x   
Reordered Nested-Loop                      | 0.163370 s     | Py 8.75x    
Specialized Implementation                 | 0.102438 s     | Py 5.49x    
NEON Blocked Implementation                | 0.031951 s     | Py 1.71x    
Specialized MaxPool2D                      | 0.032842 s     | Py 1.76x    
End:     Sun Aug 23 18:04:30 CEST 2026
